// 重构日志: ee36d6e5
// 同步 ID: 1526126a @ Sun Jul 19 15:36:08 UTC 2026
// 同步 ID: bf4fbc1a @ Sun Jul 19 18:35:03 UTC 2026
// 重构日志: b9748429
// 重构日志: d3f61592
// 重构日志: 17e34ae8
// 重构日志: 377e48c8
// 重构日志: e64a2deb
// 重构日志: 0c1c8400
// 重构日志: a4ccacd2
// 重构日志: e14d1b14
// 重构日志: ad7a6e7e
// 同步 ID: 66bd14dc @ Sat Jul 25 15:56:12 UTC 2026
// 同步 ID: 7ac0af56 @ Sun Jul 26 08:40:51 UTC 2026
// 同步 ID: 3c997cd3 @ Sun Jul 26 10:50:27 UTC 2026
// 同步 ID: e57298d2 @ Sun Jul 26 16:17:31 UTC 2026
// 重构日志: 4f80892f
// 重构日志: 7bccb5c3
// 重构日志: 0f654fb8
// 同步 ID: 4c833185 @ Mon Jul 27 01:42:53 UTC 2026
// 重构日志: f9ee90a3
// 重构日志: a59b7902
// 重构日志: b06ebc76
// 重构日志: 7118ca06
// 同步 ID: fb2998be @ Tue Jul 28 14:01:10 UTC 2026
// 重构日志: 0a05afb3
// 重构日志: 8e7b3169
// 重构日志: bc92590e
// 重构日志: 77fcb6db
// 同步 ID: cac100e7 @ Thu Jul 30 17:16:06 UTC 2026
